
 /----------------------------------------------------------------------------\
 |                                                                            |
 |  yosys -- Yosys Open SYnthesis Suite                                       |
 |                                                                            |
 |  Copyright (C) 2012 - 2020  Claire Xenia Wolf <claire@yosyshq.com>         |
 |                                                                            |
 |  Permission to use, copy, modify, and/or distribute this software for any  |
 |  purpose with or without fee is hereby granted, provided that the above    |
 |  copyright notice and this permission notice appear in all copies.         |
 |                                                                            |
 |  THE SOFTWARE IS PROVIDED "AS IS" AND THE AUTHOR DISCLAIMS ALL WARRANTIES  |
 |  WITH REGARD TO THIS SOFTWARE INCLUDING ALL IMPLIED WARRANTIES OF          |
 |  MERCHANTABILITY AND FITNESS. IN NO EVENT SHALL THE AUTHOR BE LIABLE FOR   |
 |  ANY SPECIAL, DIRECT, INDIRECT, OR CONSEQUENTIAL DAMAGES OR ANY DAMAGES    |
 |  WHATSOEVER RESULTING FROM LOSS OF USE, DATA OR PROFITS, WHETHER IN AN     |
 |  ACTION OF CONTRACT, NEGLIGENCE OR OTHER TORTIOUS ACTION, ARISING OUT OF   |
 |  OR IN CONNECTION WITH THE USE OR PERFORMANCE OF THIS SOFTWARE.            |
 |                                                                            |
 \----------------------------------------------------------------------------/

 Yosys 0.33 (git sha1 2584903a060)


-- Executing script file `synth_parallel.ys' --

1. Executing Verilog-2005 frontend: ksa.v
Parsing Verilog input from `ksa.v' to AST representation.
Generating RTLIL representation for module `\ksa'.
Successfully finished Verilog frontend.

2. Executing Verilog-2005 frontend: Parallel_ALU.v
Parsing Verilog input from `Parallel_ALU.v' to AST representation.
Generating RTLIL representation for module `\Parallel_ALU'.
Successfully finished Verilog frontend.

3. Executing SYNTH pass.

3.1. Executing HIERARCHY pass (managing design hierarchy).

3.1.1. Analyzing design hierarchy..
Top module:  \Parallel_ALU
Used module:     \ksa
Parameter \N = 16

3.1.2. Executing AST frontend in derive mode using pre-parsed AST for module `\ksa'.
Parameter \N = 16
Generating RTLIL representation for module `$paramod\ksa\N=s32'00000000000000000000000000010000'.
Parameter \N = 16
Found cached RTLIL representation for module `$paramod\ksa\N=s32'00000000000000000000000000010000'.
Parameter \N = 16
Found cached RTLIL representation for module `$paramod\ksa\N=s32'00000000000000000000000000010000'.
Parameter \N = 16
Found cached RTLIL representation for module `$paramod\ksa\N=s32'00000000000000000000000000010000'.

3.1.3. Analyzing design hierarchy..
Top module:  \Parallel_ALU
Used module:     $paramod\ksa\N=s32'00000000000000000000000000010000

3.1.4. Analyzing design hierarchy..
Top module:  \Parallel_ALU
Used module:     $paramod\ksa\N=s32'00000000000000000000000000010000
Removing unused module `\ksa'.
Removed 1 unused modules.

3.2. Executing PROC pass (convert processes to netlists).

3.2.1. Executing PROC_CLEAN pass (remove empty switches from decision trees).
Cleaned up 0 empty switches.

3.2.2. Executing PROC_RMDEAD pass (remove dead branches from decision trees).
Marked 13 switch rules as full_case in process $proc$Parallel_ALU.v:18$157 in module Parallel_ALU.
Removed a total of 0 dead cases.

3.2.3. Executing PROC_PRUNE pass (remove redundant assignments in processes).
Removed 0 redundant assignments.
Promoted 28 assignments to connections.

3.2.4. Executing PROC_INIT pass (extract init attributes).

3.2.5. Executing PROC_ARST pass (detect async resets in processes).

3.2.6. Executing PROC_ROM pass (convert switches to ROMs).
Converted 0 switches.
<suppressed ~13 debug messages>

3.2.7. Executing PROC_MUX pass (convert decision trees to multiplexers).
Creating decoders for process `\Parallel_ALU.$proc$Parallel_ALU.v:18$157'.
     1/14: $7\C[15:0]
     2/14: $6\C[15:0]
     3/14: $5\C[15:0]
     4/14: $4\C[15:0]
     5/14: $3\C[15:0]
     6/14: $2\C[15:0]
     7/14: $7\overflow[0:0]
     8/14: $6\overflow[0:0]
     9/14: $1\overflow[0:0]
    10/14: $4\overflow[0:0]
    11/14: $1\C[15:0]
    12/14: $2\overflow[0:0]
    13/14: $5\overflow[0:0]
    14/14: $3\overflow[0:0]
Creating decoders for process `$paramod\ksa\N=s32'00000000000000000000000000010000.$proc$ksa.v:22$199'.

3.2.8. Executing PROC_DLATCH pass (convert process syncs to latches).
No latch inferred for signal `\Parallel_ALU.\C' from process `\Parallel_ALU.$proc$Parallel_ALU.v:18$157'.
No latch inferred for signal `\Parallel_ALU.\overflow' from process `\Parallel_ALU.$proc$Parallel_ALU.v:18$157'.
No latch inferred for signal `$paramod\ksa\N=s32'00000000000000000000000000010000.\out' from process `$paramod\ksa\N=s32'00000000000000000000000000010000.$proc$ksa.v:22$199'.
No latch inferred for signal `$paramod\ksa\N=s32'00000000000000000000000000010000.\cout' from process `$paramod\ksa\N=s32'00000000000000000000000000010000.$proc$ksa.v:22$199'.
No latch inferred for signal `$paramod\ksa\N=s32'00000000000000000000000000010000.\p0' from process `$paramod\ksa\N=s32'00000000000000000000000000010000.$proc$ksa.v:22$199'.
No latch inferred for signal `$paramod\ksa\N=s32'00000000000000000000000000010000.\g' from process `$paramod\ksa\N=s32'00000000000000000000000000010000.$proc$ksa.v:22$199'.
No latch inferred for signal `$paramod\ksa\N=s32'00000000000000000000000000010000.\p' from process `$paramod\ksa\N=s32'00000000000000000000000000010000.$proc$ksa.v:22$199'.
No latch inferred for signal `$paramod\ksa\N=s32'00000000000000000000000000010000.\g_next' from process `$paramod\ksa\N=s32'00000000000000000000000000010000.$proc$ksa.v:22$199'.
No latch inferred for signal `$paramod\ksa\N=s32'00000000000000000000000000010000.\p_next' from process `$paramod\ksa\N=s32'00000000000000000000000000010000.$proc$ksa.v:22$199'.
No latch inferred for signal `$paramod\ksa\N=s32'00000000000000000000000000010000.\carry' from process `$paramod\ksa\N=s32'00000000000000000000000000010000.$proc$ksa.v:22$199'.
No latch inferred for signal `$paramod\ksa\N=s32'00000000000000000000000000010000.\i' from process `$paramod\ksa\N=s32'00000000000000000000000000010000.$proc$ksa.v:22$199'.
No latch inferred for signal `$paramod\ksa\N=s32'00000000000000000000000000010000.\d' from process `$paramod\ksa\N=s32'00000000000000000000000000010000.$proc$ksa.v:22$199'.

3.2.9. Executing PROC_DFF pass (convert process syncs to FFs).

3.2.10. Executing PROC_MEMWR pass (convert process memory writes to cells).

3.2.11. Executing PROC_CLEAN pass (remove empty switches from decision trees).
Found and cleaned up 13 empty switches in `\Parallel_ALU.$proc$Parallel_ALU.v:18$157'.
Removing empty process `Parallel_ALU.$proc$Parallel_ALU.v:18$157'.
Removing empty process `$paramod\ksa\N=s32'00000000000000000000000000010000.$proc$ksa.v:22$199'.
Cleaned up 13 empty switches.

3.2.12. Executing OPT_EXPR pass (perform const folding).
Optimizing module Parallel_ALU.
<suppressed ~20 debug messages>
Optimizing module $paramod\ksa\N=s32'00000000000000000000000000010000.

3.3. Executing FLATTEN pass (flatten design).
Deleting now unused module $paramod\ksa\N=s32'00000000000000000000000000010000.
<suppressed ~4 debug messages>

3.4. Executing OPT_EXPR pass (perform const folding).
Optimizing module Parallel_ALU.
<suppressed ~94 debug messages>

3.5. Executing OPT_CLEAN pass (remove unused cells and wires).
Finding unused cells or wires in module \Parallel_ALU..
Removed 75 unused cells and 316 unused wires.
<suppressed ~76 debug messages>

3.6. Executing CHECK pass (checking for obvious problems).
Checking module Parallel_ALU...
Found and reported 0 problems.

3.7. Executing OPT pass (performing simple optimizations).

3.7.1. Executing OPT_EXPR pass (perform const folding).
Optimizing module Parallel_ALU.

3.7.2. Executing OPT_MERGE pass (detect identical cells).
Finding identical cells in module `\Parallel_ALU'.
<suppressed ~72 debug messages>
Removed a total of 24 cells.

3.7.3. Executing OPT_MUXTREE pass (detect dead branches in mux trees).
Running muxtree optimizer on module \Parallel_ALU..
  Creating internal representation of mux trees.
  Evaluating internal representation of mux trees.
  Analyzing evaluation results.
    dead port 2/2 on $mux $procmux$356.
    dead port 2/2 on $mux $procmux$363.
    dead port 2/2 on $mux $procmux$371.
    dead port 2/2 on $mux $procmux$380.
    dead port 2/2 on $mux $procmux$390.
    dead port 2/2 on $mux $procmux$401.
    dead port 2/2 on $mux $procmux$421.
    dead port 2/2 on $mux $procmux$442.
    dead port 2/2 on $mux $procmux$487.
    dead port 2/2 on $mux $procmux$534.
    dead port 1/2 on $mux $procmux$558.
    dead port 2/2 on $mux $procmux$560.
    dead port 1/2 on $mux $procmux$586.
    dead port 2/2 on $mux $procmux$588.
Removed 14 multiplexer ports.
<suppressed ~2 debug messages>

3.7.4. Executing OPT_REDUCE pass (consolidate $*mux and $reduce_* inputs).
  Optimizing cells in module \Parallel_ALU.
    New ctrl vector for $pmux cell $procmux$490: { $auto$opt_reduce.cc:134:opt_pmux$595 $auto$opt_reduce.cc:134:opt_pmux$593 $procmux$443_CMP $procmux$422_CMP $procmux$504_CMP $procmux$503_CMP $procmux$502_CMP $procmux$501_CMP $procmux$500_CMP $procmux$499_CMP $procmux$498_CMP $procmux$497_CMP $procmux$402_CMP $procmux$391_CMP $procmux$381_CMP $procmux$372_CMP $procmux$364_CMP $procmux$357_CMP }
  Optimizing cells in module \Parallel_ALU.
Performed a total of 1 changes.

3.7.5. Executing OPT_MERGE pass (detect identical cells).
Finding identical cells in module `\Parallel_ALU'.
Removed a total of 0 cells.

3.7.6. Executing OPT_DFF pass (perform DFF optimizations).

3.7.7. Executing OPT_CLEAN pass (remove unused cells and wires).
Finding unused cells or wires in module \Parallel_ALU..
Removed 0 unused cells and 38 unused wires.
<suppressed ~1 debug messages>

3.7.8. Executing OPT_EXPR pass (perform const folding).
Optimizing module Parallel_ALU.

3.7.9. Rerunning OPT passes. (Maybe there is more to do..)

3.7.10. Executing OPT_MUXTREE pass (detect dead branches in mux trees).
Running muxtree optimizer on module \Parallel_ALU..
  Creating internal representation of mux trees.
  Evaluating internal representation of mux trees.
  Analyzing evaluation results.
Removed 0 multiplexer ports.
<suppressed ~2 debug messages>

3.7.11. Executing OPT_REDUCE pass (consolidate $*mux and $reduce_* inputs).
  Optimizing cells in module \Parallel_ALU.
Performed a total of 0 changes.

3.7.12. Executing OPT_MERGE pass (detect identical cells).
Finding identical cells in module `\Parallel_ALU'.
Removed a total of 0 cells.

3.7.13. Executing OPT_DFF pass (perform DFF optimizations).

3.7.14. Executing OPT_CLEAN pass (remove unused cells and wires).
Finding unused cells or wires in module \Parallel_ALU..

3.7.15. Executing OPT_EXPR pass (perform const folding).
Optimizing module Parallel_ALU.

3.7.16. Finished OPT passes. (There is nothing left to do.)

3.8. Executing FSM pass (extract and optimize FSM).

3.8.1. Executing FSM_DETECT pass (finding FSMs in design).

3.8.2. Executing FSM_EXTRACT pass (extracting FSM from design).

3.8.3. Executing FSM_OPT pass (simple optimizations of FSMs).

3.8.4. Executing OPT_CLEAN pass (remove unused cells and wires).
Finding unused cells or wires in module \Parallel_ALU..

3.8.5. Executing FSM_OPT pass (simple optimizations of FSMs).

3.8.6. Executing FSM_RECODE pass (re-assigning FSM state encoding).

3.8.7. Executing FSM_INFO pass (dumping all available information on FSM cells).

3.8.8. Executing FSM_MAP pass (mapping FSMs to basic logic).

3.9. Executing OPT pass (performing simple optimizations).

3.9.1. Executing OPT_EXPR pass (perform const folding).
Optimizing module Parallel_ALU.

3.9.2. Executing OPT_MERGE pass (detect identical cells).
Finding identical cells in module `\Parallel_ALU'.
Removed a total of 0 cells.

3.9.3. Executing OPT_MUXTREE pass (detect dead branches in mux trees).
Running muxtree optimizer on module \Parallel_ALU..
  Creating internal representation of mux trees.
  Evaluating internal representation of mux trees.
  Analyzing evaluation results.
Removed 0 multiplexer ports.
<suppressed ~2 debug messages>

3.9.4. Executing OPT_REDUCE pass (consolidate $*mux and $reduce_* inputs).
  Optimizing cells in module \Parallel_ALU.
Performed a total of 0 changes.

3.9.5. Executing OPT_MERGE pass (detect identical cells).
Finding identical cells in module `\Parallel_ALU'.
Removed a total of 0 cells.

3.9.6. Executing OPT_DFF pass (perform DFF optimizations).

3.9.7. Executing OPT_CLEAN pass (remove unused cells and wires).
Finding unused cells or wires in module \Parallel_ALU..

3.9.8. Executing OPT_EXPR pass (perform const folding).
Optimizing module Parallel_ALU.

3.9.9. Finished OPT passes. (There is nothing left to do.)

3.10. Executing WREDUCE pass (reducing word size of cells).
Removed top 1 bits (of 5) from port B of cell Parallel_ALU.$procmux$504_CMP0 ($eq).
Removed top 1 bits (of 5) from port B of cell Parallel_ALU.$procmux$503_CMP0 ($eq).
Removed top 1 bits (of 5) from port B of cell Parallel_ALU.$procmux$502_CMP0 ($eq).
Removed top 1 bits (of 5) from port B of cell Parallel_ALU.$procmux$501_CMP0 ($eq).
Removed top 4 bits (of 5) from port B of cell Parallel_ALU.$procmux$464_CMP0 ($eq).
Removed top 3 bits (of 5) from port B of cell Parallel_ALU.$procmux$463_CMP0 ($eq).
Removed top 3 bits (of 5) from port B of cell Parallel_ALU.$procmux$462_CMP0 ($eq).
Removed top 2 bits (of 5) from port B of cell Parallel_ALU.$procmux$443_CMP0 ($eq).
Removed top 2 bits (of 5) from port B of cell Parallel_ALU.$procmux$422_CMP0 ($eq).
Removed top 15 bits (of 16) from mux cell Parallel_ALU.$procmux$399 ($mux).
Removed top 15 bits (of 16) from mux cell Parallel_ALU.$procmux$388 ($mux).
Removed top 15 bits (of 16) from mux cell Parallel_ALU.$procmux$378 ($mux).
Removed top 15 bits (of 16) from mux cell Parallel_ALU.$procmux$369 ($mux).
Removed top 15 bits (of 16) from mux cell Parallel_ALU.$procmux$361 ($mux).
Removed top 15 bits (of 16) from mux cell Parallel_ALU.$procmux$354 ($mux).
Removed top 15 bits (of 16) from wire Parallel_ALU.$2\C[15:0].
Removed top 15 bits (of 16) from wire Parallel_ALU.$3\C[15:0].
Removed top 15 bits (of 16) from wire Parallel_ALU.$4\C[15:0].
Removed top 15 bits (of 16) from wire Parallel_ALU.$5\C[15:0].
Removed top 15 bits (of 16) from wire Parallel_ALU.$6\C[15:0].
Removed top 15 bits (of 16) from wire Parallel_ALU.$7\C[15:0].

3.11. Executing PEEPOPT pass (run peephole optimizers).

3.12. Executing OPT_CLEAN pass (remove unused cells and wires).
Finding unused cells or wires in module \Parallel_ALU..
Removed 0 unused cells and 6 unused wires.
<suppressed ~1 debug messages>

3.13. Executing ALUMACC pass (create $alu and $macc cells).
Extracting $alu and $macc cells in module Parallel_ALU:
  creating $alu model for $ge$Parallel_ALU.v:118$195 ($ge): new $alu
  creating $alu model for $gt$Parallel_ALU.v:126$196 ($gt): merged with $ge$Parallel_ALU.v:118$195.
  creating $alu model for $le$Parallel_ALU.v:102$193 ($le): merged with $ge$Parallel_ALU.v:118$195.
  creating $alu model for $lt$Parallel_ALU.v:110$194 ($lt): merged with $ge$Parallel_ALU.v:118$195.
  creating $alu cell for $ge$Parallel_ALU.v:118$195, $gt$Parallel_ALU.v:126$196, $le$Parallel_ALU.v:102$193, $lt$Parallel_ALU.v:110$194: $auto$alumacc.cc:485:replace_alu$603
  created 1 $alu and 0 $macc cells.

3.14. Executing SHARE pass (SAT-based resource sharing).
Found 4 cells in module Parallel_ALU that may be considered for resource sharing.
  Analyzing resource sharing options for $sshr$Parallel_ALU.v:96$192 ($sshr):
    Found 1 activation_patterns using ctrl signal $procmux$497_CMP.
    No candidates found.
  Analyzing resource sharing options for $sshl$Parallel_ALU.v:92$191 ($sshl):
    Found 1 activation_patterns using ctrl signal $procmux$498_CMP.
    No candidates found.
  Analyzing resource sharing options for $shr$Parallel_ALU.v:88$190 ($shr):
    Found 1 activation_patterns using ctrl signal $procmux$499_CMP.
    No candidates found.
  Analyzing resource sharing options for $shl$Parallel_ALU.v:84$189 ($shl):
    Found 1 activation_patterns using ctrl signal $procmux$500_CMP.
    No candidates found.

3.15. Executing OPT pass (performing simple optimizations).

3.15.1. Executing OPT_EXPR pass (perform const folding).
Optimizing module Parallel_ALU.
<suppressed ~1 debug messages>

3.15.2. Executing OPT_MERGE pass (detect identical cells).
Finding identical cells in module `\Parallel_ALU'.
Removed a total of 0 cells.

3.15.3. Executing OPT_MUXTREE pass (detect dead branches in mux trees).
Running muxtree optimizer on module \Parallel_ALU..
  Creating internal representation of mux trees.
  Evaluating internal representation of mux trees.
  Analyzing evaluation results.
Removed 0 multiplexer ports.
<suppressed ~2 debug messages>

3.15.4. Executing OPT_REDUCE pass (consolidate $*mux and $reduce_* inputs).
  Optimizing cells in module \Parallel_ALU.
Performed a total of 0 changes.

3.15.5. Executing OPT_MERGE pass (detect identical cells).
Finding identical cells in module `\Parallel_ALU'.
Removed a total of 0 cells.

3.15.6. Executing OPT_DFF pass (perform DFF optimizations).

3.15.7. Executing OPT_CLEAN pass (remove unused cells and wires).
Finding unused cells or wires in module \Parallel_ALU..
Removed 0 unused cells and 4 unused wires.
<suppressed ~1 debug messages>

3.15.8. Executing OPT_EXPR pass (perform const folding).
Optimizing module Parallel_ALU.

3.15.9. Rerunning OPT passes. (Maybe there is more to do..)

3.15.10. Executing OPT_MUXTREE pass (detect dead branches in mux trees).
Running muxtree optimizer on module \Parallel_ALU..
  Creating internal representation of mux trees.
  Evaluating internal representation of mux trees.
  Analyzing evaluation results.
Removed 0 multiplexer ports.
<suppressed ~2 debug messages>

3.15.11. Executing OPT_REDUCE pass (consolidate $*mux and $reduce_* inputs).
  Optimizing cells in module \Parallel_ALU.
Performed a total of 0 changes.

3.15.12. Executing OPT_MERGE pass (detect identical cells).
Finding identical cells in module `\Parallel_ALU'.
Removed a total of 0 cells.

3.15.13. Executing OPT_DFF pass (perform DFF optimizations).

3.15.14. Executing OPT_CLEAN pass (remove unused cells and wires).
Finding unused cells or wires in module \Parallel_ALU..

3.15.15. Executing OPT_EXPR pass (perform const folding).
Optimizing module Parallel_ALU.

3.15.16. Finished OPT passes. (There is nothing left to do.)

3.16. Executing MEMORY pass.

3.16.1. Executing OPT_MEM pass (optimize memories).
Performed a total of 0 transformations.

3.16.2. Executing OPT_MEM_PRIORITY pass (removing unnecessary memory write priority relations).
Performed a total of 0 transformations.

3.16.3. Executing OPT_MEM_FEEDBACK pass (finding memory read-to-write feedback paths).

3.16.4. Executing MEMORY_BMUX2ROM pass (converting muxes to ROMs).

3.16.5. Executing MEMORY_DFF pass (merging $dff cells to $memrd).

3.16.6. Executing OPT_CLEAN pass (remove unused cells and wires).
Finding unused cells or wires in module \Parallel_ALU..

3.16.7. Executing MEMORY_SHARE pass (consolidating $memrd/$memwr cells).

3.16.8. Executing OPT_MEM_WIDEN pass (optimize memories where all ports are wide).
Performed a total of 0 transformations.

3.16.9. Executing OPT_CLEAN pass (remove unused cells and wires).
Finding unused cells or wires in module \Parallel_ALU..

3.16.10. Executing MEMORY_COLLECT pass (generating $mem cells).

3.17. Executing OPT_CLEAN pass (remove unused cells and wires).
Finding unused cells or wires in module \Parallel_ALU..

3.18. Executing OPT pass (performing simple optimizations).

3.18.1. Executing OPT_EXPR pass (perform const folding).
Optimizing module Parallel_ALU.
<suppressed ~76 debug messages>

3.18.2. Executing OPT_MERGE pass (detect identical cells).
Finding identical cells in module `\Parallel_ALU'.
<suppressed ~3 debug messages>
Removed a total of 1 cells.

3.18.3. Executing OPT_DFF pass (perform DFF optimizations).

3.18.4. Executing OPT_CLEAN pass (remove unused cells and wires).
Finding unused cells or wires in module \Parallel_ALU..
Removed 0 unused cells and 20 unused wires.
<suppressed ~1 debug messages>

3.18.5. Finished fast OPT passes.

3.19. Executing MEMORY_MAP pass (converting memories to logic and flip-flops).

3.20. Executing OPT pass (performing simple optimizations).

3.20.1. Executing OPT_EXPR pass (perform const folding).
Optimizing module Parallel_ALU.

3.20.2. Executing OPT_MERGE pass (detect identical cells).
Finding identical cells in module `\Parallel_ALU'.
Removed a total of 0 cells.

3.20.3. Executing OPT_MUXTREE pass (detect dead branches in mux trees).
Running muxtree optimizer on module \Parallel_ALU..
  Creating internal representation of mux trees.
  Evaluating internal representation of mux trees.
  Analyzing evaluation results.
Removed 0 multiplexer ports.
<suppressed ~2 debug messages>

3.20.4. Executing OPT_REDUCE pass (consolidate $*mux and $reduce_* inputs).
  Optimizing cells in module \Parallel_ALU.
Performed a total of 0 changes.

3.20.5. Executing OPT_MERGE pass (detect identical cells).
Finding identical cells in module `\Parallel_ALU'.
Removed a total of 0 cells.

3.20.6. Executing OPT_SHARE pass.

3.20.7. Executing OPT_DFF pass (perform DFF optimizations).

3.20.8. Executing OPT_CLEAN pass (remove unused cells and wires).
Finding unused cells or wires in module \Parallel_ALU..

3.20.9. Executing OPT_EXPR pass (perform const folding).
Optimizing module Parallel_ALU.

3.20.10. Finished OPT passes. (There is nothing left to do.)

3.21. Executing TECHMAP pass (map to technology primitives).

3.21.1. Executing Verilog-2005 frontend: /usr/bin/../share/yosys/techmap.v
Parsing Verilog input from `/usr/bin/../share/yosys/techmap.v' to AST representation.
Generating RTLIL representation for module `\_90_simplemap_bool_ops'.
Generating RTLIL representation for module `\_90_simplemap_reduce_ops'.
Generating RTLIL representation for module `\_90_simplemap_logic_ops'.
Generating RTLIL representation for module `\_90_simplemap_compare_ops'.
Generating RTLIL representation for module `\_90_simplemap_various'.
Generating RTLIL representation for module `\_90_simplemap_registers'.
Generating RTLIL representation for module `\_90_shift_ops_shr_shl_sshl_sshr'.
Generating RTLIL representation for module `\_90_shift_shiftx'.
Generating RTLIL representation for module `\_90_fa'.
Generating RTLIL representation for module `\_90_lcu'.
Generating RTLIL representation for module `\_90_alu'.
Generating RTLIL representation for module `\_90_macc'.
Generating RTLIL representation for module `\_90_alumacc'.
Generating RTLIL representation for module `\$__div_mod_u'.
Generating RTLIL representation for module `\$__div_mod_trunc'.
Generating RTLIL representation for module `\_90_div'.
Generating RTLIL representation for module `\_90_mod'.
Generating RTLIL representation for module `\$__div_mod_floor'.
Generating RTLIL representation for module `\_90_divfloor'.
Generating RTLIL representation for module `\_90_modfloor'.
Generating RTLIL representation for module `\_90_pow'.
Generating RTLIL representation for module `\_90_pmux'.
Generating RTLIL representation for module `\_90_demux'.
Generating RTLIL representation for module `\_90_lut'.
Successfully finished Verilog frontend.

3.21.2. Continuing TECHMAP pass.
Using extmapper simplemap for cells of type $reduce_or.
Using extmapper simplemap for cells of type $xor.
Using extmapper simplemap for cells of type $or.
Using extmapper simplemap for cells of type $eq.
Using template $paramod$constmap:00a5b8c078faac2d9dcf7d1311e85cfd31359fcf$paramod$fa076b6af7fb8a08bee97dc1cadb4ea9d925e7bd\_90_shift_ops_shr_shl_sshl_sshr for cells of type $shl.
Using template $paramod$constmap:00a5b8c078faac2d9dcf7d1311e85cfd31359fcf$paramod$496331829aefb119414a356f7c057ceca61fe3b9\_90_shift_ops_shr_shl_sshl_sshr for cells of type $shr.
Using template $paramod$constmap:00a5b8c078faac2d9dcf7d1311e85cfd31359fcf$paramod$d23b66d2b0b5e70f120d350d6b2eb1f9858f93ef\_90_shift_ops_shr_shl_sshl_sshr for cells of type $sshl.
Using template $paramod$constmap:00a5b8c078faac2d9dcf7d1311e85cfd31359fcf$paramod$8a12a9b73c8be786cf67ebac28abcbbf644a3888\_90_shift_ops_shr_shl_sshl_sshr for cells of type $sshr.
Using template $paramod$316ba2afc1a6d91e879327cd16268ad878c14ac9\_90_pmux for cells of type $pmux.
Using extmapper simplemap for cells of type $logic_not.
Using extmapper simplemap for cells of type $not.
Using template $paramod$eaeb96106163dbf82031649d189817109fe07c69\_90_pmux for cells of type $pmux.
Using extmapper simplemap for cells of type $reduce_and.
Using extmapper simplemap for cells of type $and.
Using template $paramod$d4c0c20b0ee59f495e14575c4397dc0a6dd9e8e6\_90_alu for cells of type $alu.
Using extmapper simplemap for cells of type $ne.
Using template $paramod\_90_lcu\WIDTH=32'00000000000000000000000000010000 for cells of type $lcu.
Using extmapper simplemap for cells of type $pos.
No more expansions possible.
<suppressed ~1762 debug messages>

3.22. Executing OPT pass (performing simple optimizations).

3.22.1. Executing OPT_EXPR pass (perform const folding).
Optimizing module Parallel_ALU.
<suppressed ~294 debug messages>

3.22.2. Executing OPT_MERGE pass (detect identical cells).
Finding identical cells in module `\Parallel_ALU'.
<suppressed ~777 debug messages>
Removed a total of 259 cells.

3.22.3. Executing OPT_DFF pass (perform DFF optimizations).

3.22.4. Executing OPT_CLEAN pass (remove unused cells and wires).
Finding unused cells or wires in module \Parallel_ALU..
Removed 31 unused cells and 305 unused wires.
<suppressed ~32 debug messages>

3.22.5. Finished fast OPT passes.

3.23. Executing ABC pass (technology mapping using ABC).

3.23.1. Extracting gate netlist of module `\Parallel_ALU' to `<abc-temp-dir>/input.blif'..
Extracted 1370 gates and 1408 wires to a netlist network with 37 inputs and 17 outputs.

3.23.1.1. Executing ABC.
Running ABC command: "<yosys-exe-dir>/yosys-abc" -s -f <abc-temp-dir>/abc.script 2>&1
ABC: ABC command line: "source <abc-temp-dir>/abc.script".
ABC: 
ABC: + read_blif <abc-temp-dir>/input.blif 
ABC: + read_library <abc-temp-dir>/stdcells.genlib 
ABC: Entered genlib library with 13 gates from file "<abc-temp-dir>/stdcells.genlib".
ABC: + strash 
ABC: + dretime 
ABC: + map 
ABC: + write_blif <abc-temp-dir>/output.blif 

3.23.1.2. Re-integrating ABC results.
ABC RESULTS:               AND cells:       30
ABC RESULTS:              XNOR cells:        5
ABC RESULTS:               NOT cells:       44
ABC RESULTS:               XOR cells:       58
ABC RESULTS:              NAND cells:       69
ABC RESULTS:               MUX cells:      123
ABC RESULTS:                OR cells:      367
ABC RESULTS:             ORNOT cells:       42
ABC RESULTS:               NOR cells:       41
ABC RESULTS:            ANDNOT cells:      516
ABC RESULTS:        internal signals:     1354
ABC RESULTS:           input signals:       37
ABC RESULTS:          output signals:       17
Removing temp directory.

3.24. Executing OPT pass (performing simple optimizations).

3.24.1. Executing OPT_EXPR pass (perform const folding).
Optimizing module Parallel_ALU.
<suppressed ~42 debug messages>

3.24.2. Executing OPT_MERGE pass (detect identical cells).
Finding identical cells in module `\Parallel_ALU'.
<suppressed ~30 debug messages>
Removed a total of 10 cells.

3.24.3. Executing OPT_DFF pass (perform DFF optimizations).

3.24.4. Executing OPT_CLEAN pass (remove unused cells and wires).
Finding unused cells or wires in module \Parallel_ALU..
Removed 2 unused cells and 635 unused wires.
<suppressed ~14 debug messages>

3.24.5. Finished fast OPT passes.

3.25. Executing HIERARCHY pass (managing design hierarchy).

3.25.1. Analyzing design hierarchy..
Top module:  \Parallel_ALU

3.25.2. Analyzing design hierarchy..
Top module:  \Parallel_ALU
Removed 0 unused modules.

3.26. Printing statistics.

=== Parallel_ALU ===

   Number of wires:               1320
   Number of wire bits:           2056
   Number of public wires:          54
   Number of public wire bits:     790
   Number of memories:               0
   Number of memory bits:            0
   Number of processes:              0
   Number of cells:               1283
     $_ANDNOT_                     515
     $_AND_                         30
     $_MUX_                        123
     $_NAND_                        69
     $_NOR_                         41
     $_NOT_                         42
     $_ORNOT_                       42
     $_OR_                         358
     $_XNOR_                         5
     $_XOR_                         58

3.27. Executing CHECK pass (checking for obvious problems).
Checking module Parallel_ALU...
Found and reported 0 problems.

4. Executing ABC pass (technology mapping using ABC).

4.1. Extracting gate netlist of module `\Parallel_ALU' to `<abc-temp-dir>/input.blif'..
Extracted 1283 gates and 1320 wires to a netlist network with 37 inputs and 17 outputs.

4.1.1. Executing ABC.
Running ABC command: "<yosys-exe-dir>/yosys-abc" -s -f <abc-temp-dir>/abc.script 2>&1
ABC: ABC command line: "source <abc-temp-dir>/abc.script".
ABC: 
ABC: + read_blif <abc-temp-dir>/input.blif 
ABC: + read_lib -w /mnt/c/Users/kippe/ecse318/Labs/Lab2/P1/osu05_stdcells.lib 
ABC: Parsing finished successfully.  Parsing time =     0.00 sec
ABC: Scl_LibertyReadGenlib() skipped sequential cell "DFFNEGX1".
ABC: Scl_LibertyReadGenlib() skipped sequential cell "DFFPOSX1".
ABC: Scl_LibertyReadGenlib() skipped sequential cell "DFFSR".
ABC: Scl_LibertyReadGenlib() skipped sequential cell "LATCH".
ABC: Scl_LibertyReadGenlib() skipped three-state cell "PADINOUT".
ABC: Scl_LibertyReadGenlib() skipped three-state cell "TBUFX1".
ABC: Scl_LibertyReadGenlib() skipped three-state cell "TBUFX2".
ABC: Scl_LibertyReadGenlib() skipped cell "PADFC" without logic function.
ABC: Scl_LibertyReadGenlib() skipped cell "PADNC" without logic function.
ABC: Scl_LibertyReadGenlib() skipped cell "PADVDD" without logic function.
ABC: Scl_LibertyReadGenlib() skipped cell "PADGND" without logic function.
ABC: Library "osu05_stdcells" from "/mnt/c/Users/kippe/ecse318/Labs/Lab2/P1/osu05_stdcells.lib" has 28 cells (11 skipped: 4 seq; 3 tri-state; 4 no func; 0 dont_use).  Time =     0.00 sec
ABC: Memory =    0.51 MB. Time =     0.00 sec
ABC: Warning: Detected 2 multi-output gates (for example, "FAX1").
ABC: + strash 
ABC: + dch -f 
ABC: + map -p 
ABC: + topo 
ABC: + buffer -p 
ABC: + upsize 
ABC: + dnsize 
ABC: + stime -p 
ABC: WireLoad = "none"  Gates =    985 ( 13.8 %)   Cap = 70.3 ff (  0.8 %)   Area =   284850.00 ( 96.9 %)   Delay =  2372.92 ps  (  6.5 %)               
ABC: Path  0 --       3 : 0   16 pi      A =   0.00  Df =   0.0   -0.0 ps  S =   0.0 ps  Cin =  0.0 ff  Cout = 494.9 ff  Cmax =   0.0 ff  G =    0  
ABC: Path  1 --     155 : 2    4 NOR2X1  A = 216.00  Df = 372.2 -115.8 ps  S = 443.3 ps  Cin = 27.3 ff  Cout = 129.9 ff  Cmax = 393.2 ff  G =  474  
ABC: Path  2 --     330 : 4    2 OAI22X1 A = 360.00  Df = 576.3 -116.6 ps  S = 258.8 ps  Cin = 32.7 ff  Cout =  48.5 ff  Cmax = 448.2 ff  G =  148  
ABC: Path  3 --     360 : 2    4 AND2X2  A = 288.00  Df = 849.0  -43.6 ps  S = 211.1 ps  Cin = 21.5 ff  Cout = 146.4 ff  Cmax = 924.9 ff  G =  680  
ABC: Path  4 --     419 : 3    4 OAI21X1 A = 207.00  Df =1146.0  -21.4 ps  S = 439.8 ps  Cin = 28.9 ff  Cout = 145.3 ff  Cmax = 433.6 ff  G =  501  
ABC: Path  5 --     598 : 3    5 AOI21X1 A = 288.00  Df =1521.7  -28.0 ps  S = 527.5 ps  Cin = 30.7 ff  Cout = 170.6 ff  Cmax = 375.7 ff  G =  554  
ABC: Path  6 --     997 : 3    4 OAI21X1 A = 207.00  Df =1900.6 -120.2 ps  S = 421.1 ps  Cin = 28.9 ff  Cout = 125.8 ff  Cmax = 433.6 ff  G =  434  
ABC: Path  7 --    1021 : 2    1 OR2X1   A = 288.00  Df =2158.7 -160.0 ps  S = 127.9 ps  Cin = 27.3 ff  Cout =  33.0 ff  Cmax = 412.5 ff  G =  120  
ABC: Path  8 --    1023 : 4    1 AOI22X1 A = 360.00  Df =2258.1  -82.1 ps  S = 161.1 ps  Cin = 32.7 ff  Cout =  26.9 ff  Cmax = 479.0 ff  G =   82  
ABC: Path  9 --    1039 : 3    1 NAND3X1 A = 324.00  Df =2372.9 -158.2 ps  S = 115.3 ps  Cin = 26.9 ff  Cout =   0.0 ff  Cmax = 416.0 ff  G =    0  
ABC: Start-point = pi2 (\A [1]).  End-point = po16 (\overflow).
ABC: + write_blif <abc-temp-dir>/output.blif 

4.1.2. Re-integrating ABC results.
ABC RESULTS:             INVX4 cells:        1
ABC RESULTS:             BUFX4 cells:        6
ABC RESULTS:             BUFX2 cells:       13
ABC RESULTS:             INVX2 cells:       23
ABC RESULTS:           XNOR2X1 cells:       17
ABC RESULTS:            MUX2X1 cells:       87
ABC RESULTS:           OAI22X1 cells:       40
ABC RESULTS:            AND2X2 cells:       56
ABC RESULTS:            XOR2X1 cells:       12
ABC RESULTS:             OR2X2 cells:       39
ABC RESULTS:             OR2X1 cells:        1
ABC RESULTS:           AOI21X1 cells:       99
ABC RESULTS:            NOR2X1 cells:       90
ABC RESULTS:            NOR3X1 cells:       40
ABC RESULTS:           NAND2X1 cells:      110
ABC RESULTS:           OAI21X1 cells:       94
ABC RESULTS:             INVX1 cells:       93
ABC RESULTS:           AOI22X1 cells:       50
ABC RESULTS:           NAND3X1 cells:      114
ABC RESULTS:        internal signals:     1266
ABC RESULTS:           input signals:       37
ABC RESULTS:          output signals:       17
Removing temp directory.

5. Executing OPT_CLEAN pass (remove unused cells and wires).
Finding unused cells or wires in module \Parallel_ALU..
Removed 0 unused cells and 1320 unused wires.
<suppressed ~1 debug messages>

6. Printing statistics.

=== Parallel_ALU ===

   Number of wires:               1022
   Number of wire bits:           1758
   Number of public wires:          54
   Number of public wire bits:     790
   Number of memories:               0
   Number of memory bits:            0
   Number of processes:              0
   Number of cells:                985
     AND2X2                         56
     AOI21X1                        99
     AOI22X1                        50
     BUFX2                          13
     BUFX4                           6
     INVX1                          93
     INVX2                          23
     INVX4                           1
     MUX2X1                         87
     NAND2X1                       110
     NAND3X1                       114
     NOR2X1                         90
     NOR3X1                         40
     OAI21X1                        94
     OAI22X1                        40
     OR2X1                           1
     OR2X2                          39
     XNOR2X1                        17
     XOR2X1                         12

   Chip area for module '\Parallel_ALU': 284850.000000

7. Executing Verilog backend.

7.1. Executing BMUXMAP pass.

7.2. Executing DEMUXMAP pass.
Dumping module `\Parallel_ALU'.

End of script. Logfile hash: 76bce76d8d, CPU: user 0.65s system 0.05s, MEM: 22.22 MB peak
Yosys 0.33 (git sha1 2584903a060)
Time spent: 36% 2x abc (0 sec), 18% 25x opt_expr (0 sec), ...
