
 /----------------------------------------------------------------------------\
 |                                                                            |
 |  yosys -- Yosys Open SYnthesis Suite                                       |
 |                                                                            |
 |  Copyright (C) 2012 - 2020  Claire Xenia Wolf <claire@yosyshq.com>         |
 |                                                                            |
 |  Permission to use, copy, modify, and/or distribute this software for any  |
 |  purpose with or without fee is hereby granted, provided that the above    |
 |  copyright notice and this permission notice appear in all copies.         |
 |                                                                            |
 |  THE SOFTWARE IS PROVIDED "AS IS" AND THE AUTHOR DISCLAIMS ALL WARRANTIES  |
 |  WITH REGARD TO THIS SOFTWARE INCLUDING ALL IMPLIED WARRANTIES OF          |
 |  MERCHANTABILITY AND FITNESS. IN NO EVENT SHALL THE AUTHOR BE LIABLE FOR   |
 |  ANY SPECIAL, DIRECT, INDIRECT, OR CONSEQUENTIAL DAMAGES OR ANY DAMAGES    |
 |  WHATSOEVER RESULTING FROM LOSS OF USE, DATA OR PROFITS, WHETHER IN AN     |
 |  ACTION OF CONTRACT, NEGLIGENCE OR OTHER TORTIOUS ACTION, ARISING OUT OF   |
 |  OR IN CONNECTION WITH THE USE OR PERFORMANCE OF THIS SOFTWARE.            |
 |                                                                            |
 \----------------------------------------------------------------------------/

 Yosys 0.33 (git sha1 2584903a060)


-- Executing script file `synth.ys' --

1. Executing Verilog-2005 frontend: ksa.v
Parsing Verilog input from `ksa.v' to AST representation.
Generating RTLIL representation for module `\ksa'.
Successfully finished Verilog frontend.

2. Executing Verilog-2005 frontend: ALU_16Bit_TopLevel.v
Parsing Verilog input from `ALU_16Bit_TopLevel.v' to AST representation.
Generating RTLIL representation for module `\ALU_16Bit_TopLevel'.
Successfully finished Verilog frontend.

3. Executing SYNTH pass.

3.1. Executing HIERARCHY pass (managing design hierarchy).

3.1.1. Analyzing design hierarchy..
Top module:  \ALU_16Bit_TopLevel
Used module:     \ksa
Parameter \N = 16

3.1.2. Executing AST frontend in derive mode using pre-parsed AST for module `\ksa'.
Parameter \N = 16
Generating RTLIL representation for module `$paramod\ksa\N=s32'00000000000000000000000000010000'.

3.1.3. Analyzing design hierarchy..
Top module:  \ALU_16Bit_TopLevel
Used module:     $paramod\ksa\N=s32'00000000000000000000000000010000

3.1.4. Analyzing design hierarchy..
Top module:  \ALU_16Bit_TopLevel
Used module:     $paramod\ksa\N=s32'00000000000000000000000000010000
Removing unused module `\ksa'.
Removed 1 unused modules.

3.2. Executing PROC pass (convert processes to netlists).

3.2.1. Executing PROC_CLEAN pass (remove empty switches from decision trees).
Cleaned up 0 empty switches.

3.2.2. Executing PROC_RMDEAD pass (remove dead branches from decision trees).
Marked 13 switch rules as full_case in process $proc$ALU_16Bit_TopLevel.v:23$156 in module ALU_16Bit_TopLevel.
Removed a total of 0 dead cases.

3.2.3. Executing PROC_PRUNE pass (remove redundant assignments in processes).
Removed 0 redundant assignments.
Promoted 30 assignments to connections.

3.2.4. Executing PROC_INIT pass (extract init attributes).

3.2.5. Executing PROC_ARST pass (detect async resets in processes).

3.2.6. Executing PROC_ROM pass (convert switches to ROMs).
Converted 0 switches.
<suppressed ~13 debug messages>

3.2.7. Executing PROC_MUX pass (convert decision trees to multiplexers).
Creating decoders for process `\ALU_16Bit_TopLevel.$proc$ALU_16Bit_TopLevel.v:23$156'.
     1/16: $7\C[15:0]
     2/16: $6\C[15:0]
     3/16: $5\C[15:0]
     4/16: $4\C[15:0]
     5/16: $3\C[15:0]
     6/16: $2\C[15:0]
     7/16: $7\overflow[0:0]
     8/16: $6\overflow[0:0]
     9/16: $1\overflow[0:0]
    10/16: $4\overflow[0:0]
    11/16: $1\C[15:0]
    12/16: $2\overflow[0:0]
    13/16: $5\overflow[0:0]
    14/16: $3\overflow[0:0]
    15/16: $1\y[15:0]
    16/16: $1\cin[0:0]
Creating decoders for process `$paramod\ksa\N=s32'00000000000000000000000000010000.$proc$ksa.v:22$200'.

3.2.8. Executing PROC_DLATCH pass (convert process syncs to latches).
No latch inferred for signal `\ALU_16Bit_TopLevel.\C' from process `\ALU_16Bit_TopLevel.$proc$ALU_16Bit_TopLevel.v:23$156'.
No latch inferred for signal `\ALU_16Bit_TopLevel.\cin' from process `\ALU_16Bit_TopLevel.$proc$ALU_16Bit_TopLevel.v:23$156'.
No latch inferred for signal `\ALU_16Bit_TopLevel.\overflow' from process `\ALU_16Bit_TopLevel.$proc$ALU_16Bit_TopLevel.v:23$156'.
No latch inferred for signal `\ALU_16Bit_TopLevel.\y' from process `\ALU_16Bit_TopLevel.$proc$ALU_16Bit_TopLevel.v:23$156'.
No latch inferred for signal `$paramod\ksa\N=s32'00000000000000000000000000010000.\out' from process `$paramod\ksa\N=s32'00000000000000000000000000010000.$proc$ksa.v:22$200'.
No latch inferred for signal `$paramod\ksa\N=s32'00000000000000000000000000010000.\cout' from process `$paramod\ksa\N=s32'00000000000000000000000000010000.$proc$ksa.v:22$200'.
No latch inferred for signal `$paramod\ksa\N=s32'00000000000000000000000000010000.\p0' from process `$paramod\ksa\N=s32'00000000000000000000000000010000.$proc$ksa.v:22$200'.
No latch inferred for signal `$paramod\ksa\N=s32'00000000000000000000000000010000.\g' from process `$paramod\ksa\N=s32'00000000000000000000000000010000.$proc$ksa.v:22$200'.
No latch inferred for signal `$paramod\ksa\N=s32'00000000000000000000000000010000.\p' from process `$paramod\ksa\N=s32'00000000000000000000000000010000.$proc$ksa.v:22$200'.
No latch inferred for signal `$paramod\ksa\N=s32'00000000000000000000000000010000.\g_next' from process `$paramod\ksa\N=s32'00000000000000000000000000010000.$proc$ksa.v:22$200'.
No latch inferred for signal `$paramod\ksa\N=s32'00000000000000000000000000010000.\p_next' from process `$paramod\ksa\N=s32'00000000000000000000000000010000.$proc$ksa.v:22$200'.
No latch inferred for signal `$paramod\ksa\N=s32'00000000000000000000000000010000.\carry' from process `$paramod\ksa\N=s32'00000000000000000000000000010000.$proc$ksa.v:22$200'.
No latch inferred for signal `$paramod\ksa\N=s32'00000000000000000000000000010000.\i' from process `$paramod\ksa\N=s32'00000000000000000000000000010000.$proc$ksa.v:22$200'.
No latch inferred for signal `$paramod\ksa\N=s32'00000000000000000000000000010000.\d' from process `$paramod\ksa\N=s32'00000000000000000000000000010000.$proc$ksa.v:22$200'.

3.2.9. Executing PROC_DFF pass (convert process syncs to FFs).

3.2.10. Executing PROC_MEMWR pass (convert process memory writes to cells).

3.2.11. Executing PROC_CLEAN pass (remove empty switches from decision trees).
Found and cleaned up 13 empty switches in `\ALU_16Bit_TopLevel.$proc$ALU_16Bit_TopLevel.v:23$156'.
Removing empty process `ALU_16Bit_TopLevel.$proc$ALU_16Bit_TopLevel.v:23$156'.
Removing empty process `$paramod\ksa\N=s32'00000000000000000000000000010000.$proc$ksa.v:22$200'.
Cleaned up 13 empty switches.

3.2.12. Executing OPT_EXPR pass (perform const folding).
Optimizing module ALU_16Bit_TopLevel.
<suppressed ~20 debug messages>
Optimizing module $paramod\ksa\N=s32'00000000000000000000000000010000.

3.3. Executing FLATTEN pass (flatten design).
Deleting now unused module $paramod\ksa\N=s32'00000000000000000000000000010000.
<suppressed ~1 debug messages>

3.4. Executing OPT_EXPR pass (perform const folding).
Optimizing module ALU_16Bit_TopLevel.

3.5. Executing OPT_CLEAN pass (remove unused cells and wires).
Finding unused cells or wires in module \ALU_16Bit_TopLevel..
Removed 15 unused cells and 89 unused wires.
<suppressed ~16 debug messages>

3.6. Executing CHECK pass (checking for obvious problems).
Checking module ALU_16Bit_TopLevel...
Found and reported 0 problems.

3.7. Executing OPT pass (performing simple optimizations).

3.7.1. Executing OPT_EXPR pass (perform const folding).
Optimizing module ALU_16Bit_TopLevel.

3.7.2. Executing OPT_MERGE pass (detect identical cells).
Finding identical cells in module `\ALU_16Bit_TopLevel'.
<suppressed ~105 debug messages>
Removed a total of 35 cells.

3.7.3. Executing OPT_MUXTREE pass (detect dead branches in mux trees).
Running muxtree optimizer on module \ALU_16Bit_TopLevel..
  Creating internal representation of mux trees.
  Evaluating internal representation of mux trees.
  Analyzing evaluation results.
    dead port 2/2 on $mux $procmux$357.
    dead port 2/2 on $mux $procmux$364.
    dead port 2/2 on $mux $procmux$372.
    dead port 2/2 on $mux $procmux$381.
    dead port 2/2 on $mux $procmux$391.
    dead port 2/2 on $mux $procmux$402.
    dead port 2/2 on $mux $procmux$422.
    dead port 2/2 on $mux $procmux$443.
    dead port 2/2 on $mux $procmux$488.
    dead port 2/2 on $mux $procmux$535.
    dead port 1/2 on $mux $procmux$559.
    dead port 2/2 on $mux $procmux$561.
    dead port 1/2 on $mux $procmux$587.
    dead port 2/2 on $mux $procmux$589.
Removed 14 multiplexer ports.
<suppressed ~4 debug messages>

3.7.4. Executing OPT_REDUCE pass (consolidate $*mux and $reduce_* inputs).
  Optimizing cells in module \ALU_16Bit_TopLevel.
    New ctrl vector for $pmux cell $procmux$491: { $auto$opt_reduce.cc:134:opt_pmux$632 $procmux$505_CMP $procmux$504_CMP $procmux$503_CMP $procmux$502_CMP $procmux$501_CMP $procmux$500_CMP $procmux$499_CMP $procmux$498_CMP $procmux$403_CMP $procmux$392_CMP $procmux$382_CMP $procmux$373_CMP $procmux$365_CMP $procmux$358_CMP }
    New ctrl vector for $pmux cell $procmux$606: { $auto$opt_reduce.cc:134:opt_pmux$634 $procmux$444_CMP $procmux$423_CMP }
    New ctrl vector for $pmux cell $procmux$627: $auto$opt_reduce.cc:134:opt_pmux$636
  Optimizing cells in module \ALU_16Bit_TopLevel.
Performed a total of 3 changes.

3.7.5. Executing OPT_MERGE pass (detect identical cells).
Finding identical cells in module `\ALU_16Bit_TopLevel'.
Removed a total of 0 cells.

3.7.6. Executing OPT_DFF pass (perform DFF optimizations).

3.7.7. Executing OPT_CLEAN pass (remove unused cells and wires).
Finding unused cells or wires in module \ALU_16Bit_TopLevel..
Removed 0 unused cells and 49 unused wires.
<suppressed ~1 debug messages>

3.7.8. Executing OPT_EXPR pass (perform const folding).
Optimizing module ALU_16Bit_TopLevel.

3.7.9. Rerunning OPT passes. (Maybe there is more to do..)

3.7.10. Executing OPT_MUXTREE pass (detect dead branches in mux trees).
Running muxtree optimizer on module \ALU_16Bit_TopLevel..
  Creating internal representation of mux trees.
  Evaluating internal representation of mux trees.
  Analyzing evaluation results.
Removed 0 multiplexer ports.
<suppressed ~4 debug messages>

3.7.11. Executing OPT_REDUCE pass (consolidate $*mux and $reduce_* inputs).
  Optimizing cells in module \ALU_16Bit_TopLevel.
Performed a total of 0 changes.

3.7.12. Executing OPT_MERGE pass (detect identical cells).
Finding identical cells in module `\ALU_16Bit_TopLevel'.
Removed a total of 0 cells.

3.7.13. Executing OPT_DFF pass (perform DFF optimizations).

3.7.14. Executing OPT_CLEAN pass (remove unused cells and wires).
Finding unused cells or wires in module \ALU_16Bit_TopLevel..

3.7.15. Executing OPT_EXPR pass (perform const folding).
Optimizing module ALU_16Bit_TopLevel.

3.7.16. Finished OPT passes. (There is nothing left to do.)

3.8. Executing FSM pass (extract and optimize FSM).

3.8.1. Executing FSM_DETECT pass (finding FSMs in design).

3.8.2. Executing FSM_EXTRACT pass (extracting FSM from design).

3.8.3. Executing FSM_OPT pass (simple optimizations of FSMs).

3.8.4. Executing OPT_CLEAN pass (remove unused cells and wires).
Finding unused cells or wires in module \ALU_16Bit_TopLevel..

3.8.5. Executing FSM_OPT pass (simple optimizations of FSMs).

3.8.6. Executing FSM_RECODE pass (re-assigning FSM state encoding).

3.8.7. Executing FSM_INFO pass (dumping all available information on FSM cells).

3.8.8. Executing FSM_MAP pass (mapping FSMs to basic logic).

3.9. Executing OPT pass (performing simple optimizations).

3.9.1. Executing OPT_EXPR pass (perform const folding).
Optimizing module ALU_16Bit_TopLevel.

3.9.2. Executing OPT_MERGE pass (detect identical cells).
Finding identical cells in module `\ALU_16Bit_TopLevel'.
Removed a total of 0 cells.

3.9.3. Executing OPT_MUXTREE pass (detect dead branches in mux trees).
Running muxtree optimizer on module \ALU_16Bit_TopLevel..
  Creating internal representation of mux trees.
  Evaluating internal representation of mux trees.
  Analyzing evaluation results.
Removed 0 multiplexer ports.
<suppressed ~4 debug messages>

3.9.4. Executing OPT_REDUCE pass (consolidate $*mux and $reduce_* inputs).
  Optimizing cells in module \ALU_16Bit_TopLevel.
Performed a total of 0 changes.

3.9.5. Executing OPT_MERGE pass (detect identical cells).
Finding identical cells in module `\ALU_16Bit_TopLevel'.
Removed a total of 0 cells.

3.9.6. Executing OPT_DFF pass (perform DFF optimizations).

3.9.7. Executing OPT_CLEAN pass (remove unused cells and wires).
Finding unused cells or wires in module \ALU_16Bit_TopLevel..

3.9.8. Executing OPT_EXPR pass (perform const folding).
Optimizing module ALU_16Bit_TopLevel.

3.9.9. Finished OPT passes. (There is nothing left to do.)

3.10. Executing WREDUCE pass (reducing word size of cells).
Removed top 1 bits (of 5) from port B of cell ALU_16Bit_TopLevel.$procmux$505_CMP0 ($eq).
Removed top 1 bits (of 5) from port B of cell ALU_16Bit_TopLevel.$procmux$504_CMP0 ($eq).
Removed top 1 bits (of 5) from port B of cell ALU_16Bit_TopLevel.$procmux$503_CMP0 ($eq).
Removed top 1 bits (of 5) from port B of cell ALU_16Bit_TopLevel.$procmux$502_CMP0 ($eq).
Removed top 4 bits (of 5) from port B of cell ALU_16Bit_TopLevel.$procmux$465_CMP0 ($eq).
Removed top 3 bits (of 5) from port B of cell ALU_16Bit_TopLevel.$procmux$464_CMP0 ($eq).
Removed top 3 bits (of 5) from port B of cell ALU_16Bit_TopLevel.$procmux$463_CMP0 ($eq).
Removed top 2 bits (of 5) from port B of cell ALU_16Bit_TopLevel.$procmux$444_CMP0 ($eq).
Removed top 2 bits (of 5) from port B of cell ALU_16Bit_TopLevel.$procmux$423_CMP0 ($eq).
Removed top 15 bits (of 16) from mux cell ALU_16Bit_TopLevel.$procmux$400 ($mux).
Removed top 15 bits (of 16) from mux cell ALU_16Bit_TopLevel.$procmux$389 ($mux).
Removed top 15 bits (of 16) from mux cell ALU_16Bit_TopLevel.$procmux$379 ($mux).
Removed top 15 bits (of 16) from mux cell ALU_16Bit_TopLevel.$procmux$370 ($mux).
Removed top 15 bits (of 16) from mux cell ALU_16Bit_TopLevel.$procmux$362 ($mux).
Removed top 15 bits (of 16) from mux cell ALU_16Bit_TopLevel.$procmux$355 ($mux).
Removed top 15 bits (of 16) from wire ALU_16Bit_TopLevel.$2\C[15:0].
Removed top 15 bits (of 16) from wire ALU_16Bit_TopLevel.$3\C[15:0].
Removed top 15 bits (of 16) from wire ALU_16Bit_TopLevel.$4\C[15:0].
Removed top 15 bits (of 16) from wire ALU_16Bit_TopLevel.$5\C[15:0].
Removed top 15 bits (of 16) from wire ALU_16Bit_TopLevel.$6\C[15:0].
Removed top 15 bits (of 16) from wire ALU_16Bit_TopLevel.$7\C[15:0].

3.11. Executing PEEPOPT pass (run peephole optimizers).

3.12. Executing OPT_CLEAN pass (remove unused cells and wires).
Finding unused cells or wires in module \ALU_16Bit_TopLevel..
Removed 0 unused cells and 6 unused wires.
<suppressed ~1 debug messages>

3.13. Executing ALUMACC pass (create $alu and $macc cells).
Extracting $alu and $macc cells in module ALU_16Bit_TopLevel:
  creating $alu model for $ge$ALU_16Bit_TopLevel.v:132$196 ($ge): new $alu
  creating $alu model for $gt$ALU_16Bit_TopLevel.v:140$197 ($gt): merged with $ge$ALU_16Bit_TopLevel.v:132$196.
  creating $alu model for $le$ALU_16Bit_TopLevel.v:116$194 ($le): merged with $ge$ALU_16Bit_TopLevel.v:132$196.
  creating $alu model for $lt$ALU_16Bit_TopLevel.v:124$195 ($lt): merged with $ge$ALU_16Bit_TopLevel.v:132$196.
  creating $alu cell for $ge$ALU_16Bit_TopLevel.v:132$196, $gt$ALU_16Bit_TopLevel.v:140$197, $le$ALU_16Bit_TopLevel.v:116$194, $lt$ALU_16Bit_TopLevel.v:124$195: $auto$alumacc.cc:485:replace_alu$644
  created 1 $alu and 0 $macc cells.

3.14. Executing SHARE pass (SAT-based resource sharing).
Found 4 cells in module ALU_16Bit_TopLevel that may be considered for resource sharing.
  Analyzing resource sharing options for $sshr$ALU_16Bit_TopLevel.v:110$193 ($sshr):
    Found 1 activation_patterns using ctrl signal $procmux$498_CMP.
    No candidates found.
  Analyzing resource sharing options for $sshl$ALU_16Bit_TopLevel.v:106$192 ($sshl):
    Found 1 activation_patterns using ctrl signal $procmux$499_CMP.
    No candidates found.
  Analyzing resource sharing options for $shr$ALU_16Bit_TopLevel.v:102$191 ($shr):
    Found 1 activation_patterns using ctrl signal $procmux$500_CMP.
    No candidates found.
  Analyzing resource sharing options for $shl$ALU_16Bit_TopLevel.v:98$190 ($shl):
    Found 1 activation_patterns using ctrl signal $procmux$501_CMP.
    No candidates found.

3.15. Executing OPT pass (performing simple optimizations).

3.15.1. Executing OPT_EXPR pass (perform const folding).
Optimizing module ALU_16Bit_TopLevel.
<suppressed ~1 debug messages>

3.15.2. Executing OPT_MERGE pass (detect identical cells).
Finding identical cells in module `\ALU_16Bit_TopLevel'.
Removed a total of 0 cells.

3.15.3. Executing OPT_MUXTREE pass (detect dead branches in mux trees).
Running muxtree optimizer on module \ALU_16Bit_TopLevel..
  Creating internal representation of mux trees.
  Evaluating internal representation of mux trees.
  Analyzing evaluation results.
Removed 0 multiplexer ports.
<suppressed ~4 debug messages>

3.15.4. Executing OPT_REDUCE pass (consolidate $*mux and $reduce_* inputs).
  Optimizing cells in module \ALU_16Bit_TopLevel.
Performed a total of 0 changes.

3.15.5. Executing OPT_MERGE pass (detect identical cells).
Finding identical cells in module `\ALU_16Bit_TopLevel'.
Removed a total of 0 cells.

3.15.6. Executing OPT_DFF pass (perform DFF optimizations).

3.15.7. Executing OPT_CLEAN pass (remove unused cells and wires).
Finding unused cells or wires in module \ALU_16Bit_TopLevel..
Removed 0 unused cells and 4 unused wires.
<suppressed ~1 debug messages>

3.15.8. Executing OPT_EXPR pass (perform const folding).
Optimizing module ALU_16Bit_TopLevel.

3.15.9. Rerunning OPT passes. (Maybe there is more to do..)

3.15.10. Executing OPT_MUXTREE pass (detect dead branches in mux trees).
Running muxtree optimizer on module \ALU_16Bit_TopLevel..
  Creating internal representation of mux trees.
  Evaluating internal representation of mux trees.
  Analyzing evaluation results.
Removed 0 multiplexer ports.
<suppressed ~4 debug messages>

3.15.11. Executing OPT_REDUCE pass (consolidate $*mux and $reduce_* inputs).
  Optimizing cells in module \ALU_16Bit_TopLevel.
Performed a total of 0 changes.

3.15.12. Executing OPT_MERGE pass (detect identical cells).
Finding identical cells in module `\ALU_16Bit_TopLevel'.
Removed a total of 0 cells.

3.15.13. Executing OPT_DFF pass (perform DFF optimizations).

3.15.14. Executing OPT_CLEAN pass (remove unused cells and wires).
Finding unused cells or wires in module \ALU_16Bit_TopLevel..

3.15.15. Executing OPT_EXPR pass (perform const folding).
Optimizing module ALU_16Bit_TopLevel.

3.15.16. Finished OPT passes. (There is nothing left to do.)

3.16. Executing MEMORY pass.

3.16.1. Executing OPT_MEM pass (optimize memories).
Performed a total of 0 transformations.

3.16.2. Executing OPT_MEM_PRIORITY pass (removing unnecessary memory write priority relations).
Performed a total of 0 transformations.

3.16.3. Executing OPT_MEM_FEEDBACK pass (finding memory read-to-write feedback paths).

3.16.4. Executing MEMORY_BMUX2ROM pass (converting muxes to ROMs).

3.16.5. Executing MEMORY_DFF pass (merging $dff cells to $memrd).

3.16.6. Executing OPT_CLEAN pass (remove unused cells and wires).
Finding unused cells or wires in module \ALU_16Bit_TopLevel..

3.16.7. Executing MEMORY_SHARE pass (consolidating $memrd/$memwr cells).

3.16.8. Executing OPT_MEM_WIDEN pass (optimize memories where all ports are wide).
Performed a total of 0 transformations.

3.16.9. Executing OPT_CLEAN pass (remove unused cells and wires).
Finding unused cells or wires in module \ALU_16Bit_TopLevel..

3.16.10. Executing MEMORY_COLLECT pass (generating $mem cells).

3.17. Executing OPT_CLEAN pass (remove unused cells and wires).
Finding unused cells or wires in module \ALU_16Bit_TopLevel..

3.18. Executing OPT pass (performing simple optimizations).

3.18.1. Executing OPT_EXPR pass (perform const folding).
Optimizing module ALU_16Bit_TopLevel.
<suppressed ~26 debug messages>

3.18.2. Executing OPT_MERGE pass (detect identical cells).
Finding identical cells in module `\ALU_16Bit_TopLevel'.
<suppressed ~3 debug messages>
Removed a total of 1 cells.

3.18.3. Executing OPT_DFF pass (perform DFF optimizations).

3.18.4. Executing OPT_CLEAN pass (remove unused cells and wires).
Finding unused cells or wires in module \ALU_16Bit_TopLevel..
Removed 0 unused cells and 11 unused wires.
<suppressed ~1 debug messages>

3.18.5. Finished fast OPT passes.

3.19. Executing MEMORY_MAP pass (converting memories to logic and flip-flops).

3.20. Executing OPT pass (performing simple optimizations).

3.20.1. Executing OPT_EXPR pass (perform const folding).
Optimizing module ALU_16Bit_TopLevel.

3.20.2. Executing OPT_MERGE pass (detect identical cells).
Finding identical cells in module `\ALU_16Bit_TopLevel'.
Removed a total of 0 cells.

3.20.3. Executing OPT_MUXTREE pass (detect dead branches in mux trees).
Running muxtree optimizer on module \ALU_16Bit_TopLevel..
  Creating internal representation of mux trees.
  Evaluating internal representation of mux trees.
  Analyzing evaluation results.
Removed 0 multiplexer ports.
<suppressed ~3 debug messages>

3.20.4. Executing OPT_REDUCE pass (consolidate $*mux and $reduce_* inputs).
  Optimizing cells in module \ALU_16Bit_TopLevel.
Performed a total of 0 changes.

3.20.5. Executing OPT_MERGE pass (detect identical cells).
Finding identical cells in module `\ALU_16Bit_TopLevel'.
Removed a total of 0 cells.

3.20.6. Executing OPT_SHARE pass.

3.20.7. Executing OPT_DFF pass (perform DFF optimizations).

3.20.8. Executing OPT_CLEAN pass (remove unused cells and wires).
Finding unused cells or wires in module \ALU_16Bit_TopLevel..

3.20.9. Executing OPT_EXPR pass (perform const folding).
Optimizing module ALU_16Bit_TopLevel.

3.20.10. Finished OPT passes. (There is nothing left to do.)

3.21. Executing TECHMAP pass (map to technology primitives).

3.21.1. Executing Verilog-2005 frontend: /usr/bin/../share/yosys/techmap.v
Parsing Verilog input from `/usr/bin/../share/yosys/techmap.v' to AST representation.
Generating RTLIL representation for module `\_90_simplemap_bool_ops'.
Generating RTLIL representation for module `\_90_simplemap_reduce_ops'.
Generating RTLIL representation for module `\_90_simplemap_logic_ops'.
Generating RTLIL representation for module `\_90_simplemap_compare_ops'.
Generating RTLIL representation for module `\_90_simplemap_various'.
Generating RTLIL representation for module `\_90_simplemap_registers'.
Generating RTLIL representation for module `\_90_shift_ops_shr_shl_sshl_sshr'.
Generating RTLIL representation for module `\_90_shift_shiftx'.
Generating RTLIL representation for module `\_90_fa'.
Generating RTLIL representation for module `\_90_lcu'.
Generating RTLIL representation for module `\_90_alu'.
Generating RTLIL representation for module `\_90_macc'.
Generating RTLIL representation for module `\_90_alumacc'.
Generating RTLIL representation for module `\$__div_mod_u'.
Generating RTLIL representation for module `\$__div_mod_trunc'.
Generating RTLIL representation for module `\_90_div'.
Generating RTLIL representation for module `\_90_mod'.
Generating RTLIL representation for module `\$__div_mod_floor'.
Generating RTLIL representation for module `\_90_divfloor'.
Generating RTLIL representation for module `\_90_modfloor'.
Generating RTLIL representation for module `\_90_pow'.
Generating RTLIL representation for module `\_90_pmux'.
Generating RTLIL representation for module `\_90_demux'.
Generating RTLIL representation for module `\_90_lut'.
Successfully finished Verilog frontend.

3.21.2. Continuing TECHMAP pass.
Using template $paramod$d5c1c4131927aec19f116e7a36372b1981bfcd7e\_90_pmux for cells of type $pmux.
Using extmapper simplemap for cells of type $reduce_or.
Using extmapper simplemap for cells of type $or.
Using extmapper simplemap for cells of type $eq.
Using template $paramod$constmap:00a5b8c078faac2d9dcf7d1311e85cfd31359fcf$paramod$fa076b6af7fb8a08bee97dc1cadb4ea9d925e7bd\_90_shift_ops_shr_shl_sshl_sshr for cells of type $shl.
Using template $paramod$constmap:00a5b8c078faac2d9dcf7d1311e85cfd31359fcf$paramod$496331829aefb119414a356f7c057ceca61fe3b9\_90_shift_ops_shr_shl_sshl_sshr for cells of type $shr.
Using template $paramod$constmap:00a5b8c078faac2d9dcf7d1311e85cfd31359fcf$paramod$d23b66d2b0b5e70f120d350d6b2eb1f9858f93ef\_90_shift_ops_shr_shl_sshl_sshr for cells of type $sshl.
Using template $paramod$constmap:00a5b8c078faac2d9dcf7d1311e85cfd31359fcf$paramod$8a12a9b73c8be786cf67ebac28abcbbf644a3888\_90_shift_ops_shr_shl_sshl_sshr for cells of type $sshr.
Using template $paramod$e85bcdd999a9f7e1064fcb77207041270947b77a\_90_pmux for cells of type $pmux.
Using extmapper simplemap for cells of type $logic_not.
Using template $paramod$eaeb96106163dbf82031649d189817109fe07c69\_90_pmux for cells of type $pmux.
Using extmapper simplemap for cells of type $not.
Using extmapper simplemap for cells of type $and.
Using template $paramod$d4c0c20b0ee59f495e14575c4397dc0a6dd9e8e6\_90_alu for cells of type $alu.
Using extmapper simplemap for cells of type $xor.
Using extmapper simplemap for cells of type $reduce_and.
Using extmapper simplemap for cells of type $ne.
Using template $paramod\_90_lcu\WIDTH=32'00000000000000000000000000010000 for cells of type $lcu.
Using extmapper simplemap for cells of type $pos.
No more expansions possible.
<suppressed ~1487 debug messages>

3.22. Executing OPT pass (performing simple optimizations).

3.22.1. Executing OPT_EXPR pass (perform const folding).
Optimizing module ALU_16Bit_TopLevel.
<suppressed ~342 debug messages>

3.22.2. Executing OPT_MERGE pass (detect identical cells).
Finding identical cells in module `\ALU_16Bit_TopLevel'.
<suppressed ~786 debug messages>
Removed a total of 262 cells.

3.22.3. Executing OPT_DFF pass (perform DFF optimizations).

3.22.4. Executing OPT_CLEAN pass (remove unused cells and wires).
Finding unused cells or wires in module \ALU_16Bit_TopLevel..
Removed 31 unused cells and 378 unused wires.
<suppressed ~32 debug messages>

3.22.5. Finished fast OPT passes.

3.23. Executing ABC pass (technology mapping using ABC).

3.23.1. Extracting gate netlist of module `\ALU_16Bit_TopLevel' to `<abc-temp-dir>/input.blif'..
Extracted 975 gates and 1013 wires to a netlist network with 37 inputs and 17 outputs.

3.23.1.1. Executing ABC.
Running ABC command: "<yosys-exe-dir>/yosys-abc" -s -f <abc-temp-dir>/abc.script 2>&1
ABC: ABC command line: "source <abc-temp-dir>/abc.script".
ABC: 
ABC: + read_blif <abc-temp-dir>/input.blif 
ABC: + read_library <abc-temp-dir>/stdcells.genlib 
ABC: Entered genlib library with 13 gates from file "<abc-temp-dir>/stdcells.genlib".
ABC: + strash 
ABC: + dretime 
ABC: + map 
ABC: + write_blif <abc-temp-dir>/output.blif 

3.23.1.2. Re-integrating ABC results.
ABC RESULTS:              XNOR cells:        2
ABC RESULTS:               NOT cells:       39
ABC RESULTS:               XOR cells:       47
ABC RESULTS:              NAND cells:       36
ABC RESULTS:             ORNOT cells:       38
ABC RESULTS:               NOR cells:       30
ABC RESULTS:               AND cells:       33
ABC RESULTS:               MUX cells:      139
ABC RESULTS:                OR cells:      237
ABC RESULTS:            ANDNOT cells:      338
ABC RESULTS:        internal signals:      959
ABC RESULTS:           input signals:       37
ABC RESULTS:          output signals:       17
Removing temp directory.

3.24. Executing OPT pass (performing simple optimizations).

3.24.1. Executing OPT_EXPR pass (perform const folding).
Optimizing module ALU_16Bit_TopLevel.
<suppressed ~43 debug messages>

3.24.2. Executing OPT_MERGE pass (detect identical cells).
Finding identical cells in module `\ALU_16Bit_TopLevel'.
<suppressed ~3 debug messages>
Removed a total of 1 cells.

3.24.3. Executing OPT_DFF pass (perform DFF optimizations).

3.24.4. Executing OPT_CLEAN pass (remove unused cells and wires).
Finding unused cells or wires in module \ALU_16Bit_TopLevel..
Removed 0 unused cells and 355 unused wires.
<suppressed ~12 debug messages>

3.24.5. Finished fast OPT passes.

3.25. Executing HIERARCHY pass (managing design hierarchy).

3.25.1. Analyzing design hierarchy..
Top module:  \ALU_16Bit_TopLevel

3.25.2. Analyzing design hierarchy..
Top module:  \ALU_16Bit_TopLevel
Removed 0 unused modules.

3.26. Printing statistics.

=== ALU_16Bit_TopLevel ===

   Number of wires:                932
   Number of wire bits:           1103
   Number of public wires:          11
   Number of public wire bits:     182
   Number of memories:               0
   Number of memory bits:            0
   Number of processes:              0
   Number of cells:                938
     $_ANDNOT_                     337
     $_AND_                         33
     $_MUX_                        139
     $_NAND_                        36
     $_NOR_                         30
     $_NOT_                         39
     $_ORNOT_                       38
     $_OR_                         237
     $_XNOR_                         2
     $_XOR_                         47

3.27. Executing CHECK pass (checking for obvious problems).
Checking module ALU_16Bit_TopLevel...
Found and reported 0 problems.

4. Executing ABC pass (technology mapping using ABC).

4.1. Extracting gate netlist of module `\ALU_16Bit_TopLevel' to `<abc-temp-dir>/input.blif'..
Extracted 938 gates and 975 wires to a netlist network with 37 inputs and 17 outputs.

4.1.1. Executing ABC.
Running ABC command: "<yosys-exe-dir>/yosys-abc" -s -f <abc-temp-dir>/abc.script 2>&1
ABC: ABC command line: "source <abc-temp-dir>/abc.script".
ABC: 
ABC: + read_blif <abc-temp-dir>/input.blif 
ABC: + read_lib -w /mnt/c/Users/kippe/ecse318/Labs/Lab2/P1/osu05_stdcells.lib 
ABC: Parsing finished successfully.  Parsing time =     0.00 sec
ABC: Scl_LibertyReadGenlib() skipped sequential cell "DFFNEGX1".
ABC: Scl_LibertyReadGenlib() skipped sequential cell "DFFPOSX1".
ABC: Scl_LibertyReadGenlib() skipped sequential cell "DFFSR".
ABC: Scl_LibertyReadGenlib() skipped sequential cell "LATCH".
ABC: Scl_LibertyReadGenlib() skipped three-state cell "PADINOUT".
ABC: Scl_LibertyReadGenlib() skipped three-state cell "TBUFX1".
ABC: Scl_LibertyReadGenlib() skipped three-state cell "TBUFX2".
ABC: Scl_LibertyReadGenlib() skipped cell "PADFC" without logic function.
ABC: Scl_LibertyReadGenlib() skipped cell "PADNC" without logic function.
ABC: Scl_LibertyReadGenlib() skipped cell "PADVDD" without logic function.
ABC: Scl_LibertyReadGenlib() skipped cell "PADGND" without logic function.
ABC: Library "osu05_stdcells" from "/mnt/c/Users/kippe/ecse318/Labs/Lab2/P1/osu05_stdcells.lib" has 28 cells (11 skipped: 4 seq; 3 tri-state; 4 no func; 0 dont_use).  Time =     0.00 sec
ABC: Memory =    0.51 MB. Time =     0.00 sec
ABC: Warning: Detected 2 multi-output gates (for example, "FAX1").
ABC: + strash 
ABC: + dch -f 
ABC: + map -p 
ABC: + topo 
ABC: + buffer -p 
ABC: + upsize 
ABC: + dnsize 
ABC: + stime -p 
ABC: WireLoad = "none"  Gates =    744 ( 14.7 %)   Cap = 70.5 ff (  0.7 %)   Area =   221391.00 ( 96.8 %)   Delay =  4169.87 ps  ( 13.2 %)               
ABC: Path  0 --      35 : 0    5 pi      A =   0.00  Df =   0.0   -0.0 ps  S =   0.0 ps  Cin =  0.0 ff  Cout = 129.8 ff  Cmax =   0.0 ff  G =    0  
ABC: Path  1 --      75 : 2    7 NOR2X1  A = 216.00  Df = 491.9 -147.1 ps  S = 598.1 ps  Cin = 27.3 ff  Cout = 183.3 ff  Cmax = 393.2 ff  G =  672  
ABC: Path  2 --      79 : 3    4 NAND3X1 A = 324.00  Df = 931.8 -424.3 ps  S = 360.7 ps  Cin = 26.9 ff  Cout =  91.4 ff  Cmax = 416.0 ff  G =  339  
ABC: Path  3 --      88 : 3    1 OAI21X1 A = 207.00  Df =1031.9 -301.0 ps  S = 173.0 ps  Cin = 28.9 ff  Cout =  24.7 ff  Cmax = 433.6 ff  G =   85  
ABC: Path  4 --      89 : 1    8 BUFX4   A = 288.00  Df =1346.8 -314.1 ps  S = 190.6 ps  Cin = 24.7 ff  Cout = 255.8 ff  Cmax =1848.1 ff  G = 1036  
ABC: Path  5 --     418 : 1   10 BUFX4   A = 288.00  Df =1701.3 -336.1 ps  S = 228.6 ps  Cin = 24.7 ff  Cout = 318.6 ff  Cmax =1848.1 ff  G = 1290  
ABC: Path  6 --     578 : 4    1 AOI22X1 A = 360.00  Df =1848.0 -333.2 ps  S = 169.3 ps  Cin = 32.7 ff  Cout =  21.6 ff  Cmax = 479.0 ff  G =   66  
ABC: Path  7 --     579 : 3    3 OAI21X1 A = 207.00  Df =2089.5 -252.1 ps  S = 402.3 ps  Cin = 28.9 ff  Cout = 128.7 ff  Cmax = 433.6 ff  G =  444  
ABC: Path  8 --     580 : 2    4 XOR2X1  A = 504.00  Df =2487.0  -11.7 ps  S = 434.7 ps  Cin = 58.5 ff  Cout = 151.3 ff  Cmax = 467.1 ff  G =  258  
ABC: Path  9 --     624 : 2    3 NOR2X1  A = 216.00  Df =2821.8 -138.2 ps  S = 307.4 ps  Cin = 27.3 ff  Cout =  69.9 ff  Cmax = 393.2 ff  G =  256  
ABC: Path 10 --     766 : 3    1 NAND3X1 A = 324.00  Df =3047.5 -286.0 ps  S = 215.8 ps  Cin = 26.9 ff  Cout =  32.3 ff  Cmax = 416.0 ff  G =  119  
ABC: Path 11 --     767 : 3    3 OAI21X1 A = 207.00  Df =3291.9  -27.6 ps  S = 323.7 ps  Cin = 28.9 ff  Cout =  91.3 ff  Cmax = 433.6 ff  G =  315  
ABC: Path 12 --     768 : 2    3 NAND2X1 A = 216.00  Df =3530.9  -37.1 ps  S = 297.7 ps  Cin = 21.5 ff  Cout =  86.6 ff  Cmax = 437.2 ff  G =  401  
ABC: Path 13 --     772 : 3    3 NAND3X1 A = 324.00  Df =3814.7 -111.6 ps  S = 348.7 ps  Cin = 26.9 ff  Cout =  86.9 ff  Cmax = 416.0 ff  G =  322  
ABC: Path 14 --     796 : 3    1 OAI21X1 A = 207.00  Df =3927.9  -43.2 ps  S = 206.0 ps  Cin = 28.9 ff  Cout =  38.7 ff  Cmax = 433.6 ff  G =  133  
ABC: Path 15 --     797 : 3    1 NOR3X1  A = 576.00  Df =4056.1  -16.1 ps  S = 243.6 ps  Cin = 37.8 ff  Cout =  27.2 ff  Cmax = 357.4 ff  G =   71  
ABC: Path 16 --     798 : 3    1 NAND3X1 A = 324.00  Df =4169.9  -67.7 ps  S = 117.4 ps  Cin = 26.9 ff  Cout =   0.0 ff  Cmax = 416.0 ff  G =    0  
ABC: Start-point = pi34 (\alu_code [3]).  End-point = po16 (\overflow).
ABC: + write_blif <abc-temp-dir>/output.blif 

4.1.2. Re-integrating ABC results.
ABC RESULTS:             BUFX2 cells:       16
ABC RESULTS:             BUFX4 cells:        6
ABC RESULTS:             INVX2 cells:       18
ABC RESULTS:           XNOR2X1 cells:       16
ABC RESULTS:           OAI22X1 cells:       14
ABC RESULTS:           AOI22X1 cells:       23
ABC RESULTS:            MUX2X1 cells:       74
ABC RESULTS:             OR2X2 cells:       21
ABC RESULTS:           NAND2X1 cells:       56
ABC RESULTS:            XOR2X1 cells:       32
ABC RESULTS:           AOI21X1 cells:       68
ABC RESULTS:            NOR2X1 cells:       58
ABC RESULTS:            AND2X2 cells:       50
ABC RESULTS:             INVX1 cells:       69
ABC RESULTS:           OAI21X1 cells:      105
ABC RESULTS:            NOR3X1 cells:       38
ABC RESULTS:           NAND3X1 cells:       80
ABC RESULTS:        internal signals:      921
ABC RESULTS:           input signals:       37
ABC RESULTS:          output signals:       17
Removing temp directory.

5. Executing OPT_CLEAN pass (remove unused cells and wires).
Finding unused cells or wires in module \ALU_16Bit_TopLevel..
Removed 0 unused cells and 975 unused wires.
<suppressed ~1 debug messages>

6. Printing statistics.

=== ALU_16Bit_TopLevel ===

   Number of wires:                738
   Number of wire bits:            909
   Number of public wires:          11
   Number of public wire bits:     182
   Number of memories:               0
   Number of memory bits:            0
   Number of processes:              0
   Number of cells:                744
     AND2X2                         50
     AOI21X1                        68
     AOI22X1                        23
     BUFX2                          16
     BUFX4                           6
     INVX1                          69
     INVX2                          18
     MUX2X1                         74
     NAND2X1                        56
     NAND3X1                        80
     NOR2X1                         58
     NOR3X1                         38
     OAI21X1                       105
     OAI22X1                        14
     OR2X2                          21
     XNOR2X1                        16
     XOR2X1                         32

   Chip area for module '\ALU_16Bit_TopLevel': 221391.000000

7. Executing Verilog backend.

7.1. Executing BMUXMAP pass.

7.2. Executing DEMUXMAP pass.
Dumping module `\ALU_16Bit_TopLevel'.

End of script. Logfile hash: 785186ba56, CPU: user 0.49s system 0.04s, MEM: 21.46 MB peak
Yosys 0.33 (git sha1 2584903a060)
Time spent: 42% 2x abc (0 sec), 13% 25x opt_expr (0 sec), ...
